<?xml version="1.0"?>
<testsuites>
  <testsuite name="PhantomJS 2.1.1 (Mac OS X 0.0.0)" package="" timestamp="2017-09-13T18:07:34" id="0" hostname="Lekkalas-MacBook-Pro.local">
    <properties>
      <property name="browser.fullName" value="Mozilla/5.0 (Macintosh; Intel Mac OS X) AppleWebKit/538.1 (KHTML, like Gecko) PhantomJS/2.1.1 Safari/538.1"/>
    </properties>
  </testsuite>
</testsuites>
